07-16 11:31:41.912  3612  3612 I artd    : GetBestInfo checking odex in dalvik-cache (/data/dalvik-cache/arm64/data@user_de@0@com.google.android.gms@app_chimera@m@00000001@CronetDynamite.uncompressed.apk@classes.dex)
07-16 11:31:41.912  3612  3612 I artd    : Loading /data/dalvik-cache/arm64/data@user_de@0@com.google.android.gms@app_chimera@m@00000001@CronetDynamite.uncompressed.apk@classes.dex with executable: 0
07-16 11:31:41.912  3612  3612 I artd    : OatFileAssistant test for existing oat file /data/dalvik-cache/arm64/data@user_de@0@com.google.android.gms@app_chimera@m@00000001@CronetDynamite.uncompressed.apk@classes.dex: File /data/dalvik-cache/arm64/data@user_de@0@com.google.android.gms@app_chimera@m@00000001@CronetDynamite.uncompressed.apk@classes.vdex does not exist.
07-16 11:31:41.912  3612  3612 I artd    : GetBestInfo checking odex next to the dex file (/data/user_de/0/com.google.android.gms/app_chimera/m/00000001/oat/arm64/CronetDynamite.uncompressed.odex)
07-16 11:31:41.912  3612  3612 I artd    : Loading /data/user_de/0/com.google.android.gms/app_chimera/m/00000001/oat/arm64/CronetDynamite.uncompressed.odex with executable: 0
07-16 11:31:41.912  3612  3612 I artd    : OatFileAssistant test for existing oat file /data/user_de/0/com.google.android.gms/app_chimera/m/00000001/oat/arm64/CronetDynamite.uncompressed.odex: File /data/user_de/0/com.google.android.gms/app_chimera/m/00000001/oat/arm64/CronetDynamite.uncompressed.vdex does not exist.
07-16 11:31:41.912  3612  3612 I artd    : GetBestInfo checking vdex in dalvik-cache (/data/dalvik-cache/arm64/data@user_de@0@com.google.android.gms@app_chimera@m@00000001@CronetDynamite.uncompressed.apk@classes.vdex)
07-16 11:31:41.912  3612  3612 I artd    : unable to open vdex file /data/dalvik-cache/arm64/data@user_de@0@com.google.android.gms@app_chimera@m@00000001@CronetDynamite.uncompressed.apk@classes.vdex: File /data/dalvik-cache/arm64/data@user_de@0@com.google.android.gms@app_chimera@m@00000001@CronetDynamite.uncompressed.apk@classes.vdex does not exist.
07-16 11:31:41.912  3612  3612 I artd    : OatFileAssistant test for existing oat file /data/dalvik-cache/arm64/data@user_de@0@com.google.android.gms@app_chimera@m@00000001@CronetDynamite.uncompressed.apk@classes.vdex: File /data/dalvik-cache/arm64/data@user_de@0@com.google.android.gms@app_chimera@m@00000001@CronetDynamite.uncompressed.apk@classes.vdex does not exist.
07-16 11:31:41.912  3612  3612 I artd    : GetBestInfo checking vdex next to the dex file (/data/user_de/0/com.google.android.gms/app_chimera/m/00000001/oat/arm64/CronetDynamite.uncompressed.vdex)
07-16 11:31:41.912  3612  3612 I artd    : unable to open vdex file /data/user_de/0/com.google.android.gms/app_chimera/m/00000001/oat/arm64/CronetDynamite.uncompressed.vdex: File /data/user_de/0/com.google.android.gms/app_chimera/m/00000001/oat/arm64/CronetDynamite.uncompressed.vdex does not exist.
07-16 11:31:41.912  3612  3612 I artd    : OatFileAssistant test for existing oat file /data/user_de/0/com.google.android.gms/app_chimera/m/00000001/oat/arm64/CronetDynamite.uncompressed.vdex: File /data/user_de/0/com.google.android.gms/app_chimera/m/00000001/oat/arm64/CronetDynamite.uncompressed.vdex does not exist.
07-16 11:31:41.912  3612  3612 I artd    : GetBestInfo checking dm (/data/user_de/0/com.google.android.gms/app_chimera/m/00000001/CronetDynamite.uncompressed.dm)
07-16 11:31:41.912  3612  3612 W ziparchive: Unable to open '/data/user_de/0/com.google.android.gms/app_chimera/m/00000001/CronetDynamite.uncompressed.dm': No such file or directory
07-16 11:31:41.912  3612  3612 I artd    : OatFileAssistant test for existing oat file /data/user_de/0/com.google.android.gms/app_chimera/m/00000001/CronetDynamite.uncompressed.dm: I/O error
07-16 11:31:41.912  3612  3612 I artd    : GetBestInfo checking dm (/data/user_de/0/com.google.android.gms/app_chimera/m/00000001/CronetDynamite.uncompressed.dm)
07-16 11:31:41.912  3612  3612 W ziparchive: Unable to open '/data/user_de/0/com.google.android.gms/app_chimera/m/00000001/CronetDynamite.uncompressed.dm': No such file or directory
07-16 11:31:41.912  3612  3612 I artd    : OatFileAssistant test for existing oat file /data/user_de/0/com.google.android.gms/app_chimera/m/00000001/CronetDynamite.uncompressed.dm: I/O error
07-16 11:31:41.912  3612  3612 I artd    : GetBestInfo no usable artifacts
07-16 11:31:41.913  3612  3612 W artd    : Could not get dex checksums for location /data/app/~~RG3w4WTLUBIJg54qMYn7Bw==/com.google.android.gms-3by8sRa8dQX4a9ijwfUbOQ==/base.apk, fd=-1
07-16 11:31:41.914  3612  3612 W artd    : Could not get dex checksums for location /data/app/~~RG3w4WTLUBIJg54qMYn7Bw==/com.google.android.gms-3by8sRa8dQX4a9ijwfUbOQ==/base.apk, fd=-1
07-16 11:31:41.918  3612  3612 W artd    : Could not get dex checksums for location /data/app/~~RG3w4WTLUBIJg54qMYn7Bw==/com.google.android.gms-3by8sRa8dQX4a9ijwfUbOQ==/base.apk, fd=-1
07-16 11:31:41.922  3612  3612 W artd    : Could not get dex checksums for location /data/app/~~KjS7DrI7XVOdR5EoxmlKdg==/com.google.android.gms-aZ0MxVHXU6Ve2HnNQDPY9w==/base.apk, fd=-1
07-16 11:31:41.973 15939 16052 I HWUI    : Davey! duration=5997ms; Flags=0, FrameTimelineVsyncId=192838, IntendedVsync=8254470918938, Vsync=8256754252180, InputEventId=-750165419, HandleInputStart=8256886614145, AnimationStart=8256886618270, PerformTraversalsStart=8257702939020, DrawStart=8257703135937, FrameDeadline=8254487585604, FrameInterval=8256763892312, FrameStartTime=16666666, SyncQueued=8260412545813, SyncStart=8260416367105, IssueDrawCommandsStart=8260416597897, SwapBuffers=8260434674813, FrameCompleted=8260471755813, DequeueBufferDuration=5666, QueueBufferDuration=276583, GpuCompleted=8260471755813, SwapBuffersCompleted=8260454887522, DisplayPresentTime=0, CommandSubmissionCompleted=8260434674813, 
07-16 11:31:41.994   856 16712 D android.hardware.gnss-service.ranchu: GnssHwListener:consume:87 sz=64
07-16 11:31:42.008  1032  1457 I FusedLocation: (REDACTED) location delivery to %s blocked - too close
07-16 11:31:42.009  1032  1457 I FusedLocation: (REDACTED) location delivery to %s blocked - too close
07-16 11:31:42.021   558   721 D NetworkStatsObservers: Registering observer for RequestInfo from pid/uid:558/1000(android) for DataUsageRequest [ requestId=21, networkTemplate=NetworkTemplate: matchRule=MOBILE, matchSubscriberIds=[310260...], matchWifiNetworkKeys=[], metered=YES, defaultNetwork=NO, thresholdInBytes=2547991 ] accessLevel:3
07-16 11:31:42.028  3612  3612 W artd    : Could not get dex checksums for location /data/app/~~iKPezT0gkN_ndHWrv94UqA==/com.google.android.gms-CQRAPCWwRywNq5zfPGAcjA==/base.apk, fd=-1
07-16 11:31:42.040  3612  3612 W artd    : Could not get dex checksums for location /data/app/~~iKPezT0gkN_ndHWrv94UqA==/com.google.android.gms-CQRAPCWwRywNq5zfPGAcjA==/base.apk, fd=-1
07-16 11:31:42.056   558   825 D NetworkStatsObservers: Unregistering RequestInfo from pid/uid:558/1000(android) for DataUsageRequest [ requestId=20, networkTemplate=NetworkTemplate: matchRule=MOBILE, matchSubscriberIds=[310260...], matchWifiNetworkKeys=[], metered=YES, defaultNetwork=NO, thresholdInBytes=2548231 ] accessLevel:3
07-16 11:31:42.058   856 16712 D android.hardware.gnss-service.ranchu: GnssHwListener:consume:87 sz=64
07-16 11:31:42.058   856 16712 D android.hardware.gnss-service.ranchu: Gnss:onGnssLocationCb:311
07-16 11:31:42.058   856 16712 D android.hardware.gnss-service.ranchu: Gnss:onGnssLocationCb:333
07-16 11:31:42.058  3612  3612 W artd    : Could not get dex checksums for location /data/app/~~j4Uxw1ifEgJ9Q8E_CsffLQ==/com.google.android.gms-f9FrGov9WkVVb5ItsUV_HQ==/base.apk, fd=-1
07-16 11:31:42.082  3612  3612 W artd    : Could not get dex checksums for location /data/app/~~j4Uxw1ifEgJ9Q8E_CsffLQ==/com.google.android.gms-f9FrGov9WkVVb5ItsUV_HQ==/base.apk, fd=-1
07-16 11:31:42.093  3612  3612 W artd    : Could not get dex checksums for location /data/app/~~RG3w4WTLUBIJg54qMYn7Bw==/com.google.android.gms-3by8sRa8dQX4a9ijwfUbOQ==/base.apk, fd=-1
07-16 11:31:43.020   856 16712 D android.hardware.gnss-service.ranchu: GnssHwListener:consume:87 sz=64
07-16 11:31:43.042   558   609 W Looper  : Slow dispatch took 954ms android.fg h=android.os.Handler c=com.android.server.location.gnss.GnssLocationProvider$$ExternalSyntheticLambda23@cdb3d0a m=0
07-16 11:31:43.071  3612  3612 I artd    : Dex parent of /data/user_de/0/com.google.android.gms/app_chimera/m/0000000a/dl-MlkitBarcodeUi.optional_242335100400.apk is not writable: No such file or directory
07-16 11:31:43.072  3612  3612 I artd    : GetBestInfo checking odex in dalvik-cache (/data/dalvik-cache/arm64/data@user_de@0@com.google.android.gms@app_chimera@m@0000000a@dl-MlkitBarcodeUi.optional_242335100400.apk@classes.dex)
07-16 11:31:43.076  3612  3612 I artd    : Loading /data/dalvik-cache/arm64/data@user_de@0@com.google.android.gms@app_chimera@m@0000000a@dl-MlkitBarcodeUi.optional_242335100400.apk@classes.dex with executable: 0
07-16 11:31:43.076  3612  3612 I artd    : OatFileAssistant test for existing oat file /data/dalvik-cache/arm64/data@user_de@0@com.google.android.gms@app_chimera@m@0000000a@dl-MlkitBarcodeUi.optional_242335100400.apk@classes.dex: File /data/dalvik-cache/arm64/data@user_de@0@com.google.android.gms@app_chimera@m@0000000a@dl-MlkitBarcodeUi.optional_242335100400.apk@classes.vdex does not exist.
07-16 11:31:43.076  3612  3612 I artd    : GetBestInfo checking odex next to the dex file (/data/user_de/0/com.google.android.gms/app_chimera/m/0000000a/oat/arm64/dl-MlkitBarcodeUi.optional_242335100400.odex)
07-16 11:31:43.076  3612  3612 I artd    : Loading /data/user_de/0/com.google.android.gms/app_chimera/m/0000000a/oat/arm64/dl-MlkitBarcodeUi.optional_242335100400.odex with executable: 0
07-16 11:31:43.076  3612  3612 I artd    : OatFileAssistant test for existing oat file /data/user_de/0/com.google.android.gms/app_chimera/m/0000000a/oat/arm64/dl-MlkitBarcodeUi.optional_242335100400.odex: File /data/user_de/0/com.google.android.gms/app_chimera/m/0000000a/oat/arm64/dl-MlkitBarcodeUi.optional_242335100400.vdex does not exist.
07-16 11:31:43.076  3612  3612 I artd    : GetBestInfo checking vdex in dalvik-cache (/data/dalvik-cache/arm64/data@user_de@0@com.google.android.gms@app_chimera@m@0000000a@dl-MlkitBarcodeUi.optional_242335100400.apk@classes.vdex)
07-16 11:31:43.076  3612  3612 I artd    : unable to open vdex file /data/dalvik-cache/arm64/data@user_de@0@com.google.android.gms@app_chimera@m@0000000a@dl-MlkitBarcodeUi.optional_242335100400.apk@classes.vdex: File /data/dalvik-cache/arm64/data@user_de@0@com.google.android.gms@app_chimera@m@0000000a@dl-MlkitBarcodeUi.optional_242335100400.apk@classes.vdex does not exist.
07-16 11:31:43.076  3612  3612 I artd    : OatFileAssistant test for existing oat file /data/dalvik-cache/arm64/data@user_de@0@com.google.android.gms@app_chimera@m@0000000a@dl-MlkitBarcodeUi.optional_242335100400.apk@classes.vdex: File /data/dalvik-cache/arm64/data@user_de@0@com.google.android.gms@app_chimera@m@0000000a@dl-MlkitBarcodeUi.optional_242335100400.apk@classes.vdex does not exist.
07-16 11:31:43.076  3612  3612 I artd    : GetBestInfo checking vdex next to the dex file (/data/user_de/0/com.google.android.gms/app_chimera/m/0000000a/oat/arm64/dl-MlkitBarcodeUi.optional_242335100400.vdex)
07-16 11:31:43.076  3612  3612 I artd    : unable to open vdex file /data/user_de/0/com.google.android.gms/app_chimera/m/0000000a/oat/arm64/dl-MlkitBarcodeUi.optional_242335100400.vdex: File /data/user_de/0/com.google.android.gms/app_chimera/m/0000000a/oat/arm64/dl-MlkitBarcodeUi.optional_242335100400.vdex does not exist.
07-16 11:31:43.076  3612  3612 I artd    : OatFileAssistant test for existing oat file /data/user_de/0/com.google.android.gms/app_chimera/m/0000000a/oat/arm64/dl-MlkitBarcodeUi.optional_242335100400.vdex: File /data/user_de/0/com.google.android.gms/app_chimera/m/0000000a/oat/arm64/dl-MlkitBarcodeUi.optional_242335100400.vdex does not exist.
07-16 11:31:43.076  3612  3612 I artd    : GetBestInfo checking dm (/data/user_de/0/com.google.android.gms/app_chimera/m/0000000a/dl-MlkitBarcodeUi.optional_242335100400.dm)
07-16 11:31:43.076  3612  3612 W ziparchive: Unable to open '/data/user_de/0/com.google.android.gms/app_chimera/m/0000000a/dl-MlkitBarcodeUi.optional_242335100400.dm': No such file or directory
07-16 11:31:43.076  3612  3612 I artd    : OatFileAssistant test for existing oat file /data/user_de/0/com.google.android.gms/app_chimera/m/0000000a/dl-MlkitBarcodeUi.optional_242335100400.dm: I/O error
07-16 11:31:43.076  3612  3612 I artd    : GetBestInfo checking dm (/data/user_de/0/com.google.android.gms/app_chimera/m/0000000a/dl-MlkitBarcodeUi.optional_242335100400.dm)
07-16 11:31:43.076  3612  3612 W ziparchive: Unable to open '/data/user_de/0/com.google.android.gms/app_chimera/m/0000000a/dl-MlkitBarcodeUi.optional_242335100400.dm': No such file or directory
07-16 11:31:43.076  3612  3612 I artd    : OatFileAssistant test for existing oat file /data/user_de/0/com.google.android.gms/app_chimera/m/0000000a/dl-MlkitBarcodeUi.optional_242335100400.dm: I/O error
07-16 11:31:43.076  3612  3612 I artd    : GetBestInfo no usable artifacts
07-16 11:31:43.079  3612  3612 W artd    : Could not get dex checksums for location /data/app/~~RG3w4WTLUBIJg54qMYn7Bw==/com.google.android.gms-3by8sRa8dQX4a9ijwfUbOQ==/base.apk, fd=-1
07-16 11:31:43.085 15939 16019 D EGL_emulation: app_time_stats: avg=1187.93ms min=1187.93ms max=1187.93ms count=1
07-16 11:31:43.087  3612  3612 I artd    : Dex parent of /data/user_de/0/com.google.android.gms/app_chimera/m/00000046/dl-MapsCoreDynamite.integ_260830201100400.apk is not writable: No such file or directory
07-16 11:31:43.087  3612  3612 I artd    : GetBestInfo checking odex in dalvik-cache (/data/dalvik-cache/arm64/data@user_de@0@com.google.android.gms@app_chimera@m@00000046@dl-MapsCoreDynamite.integ_260830201100400.apk@classes.dex)
07-16 11:31:43.087  3612  3612 I artd    : Loading /data/dalvik-cache/arm64/data@user_de@0@com.google.android.gms@app_chimera@m@00000046@dl-MapsCoreDynamite.integ_260830201100400.apk@classes.dex with executable: 0
07-16 11:31:43.087  3612  3612 I artd    : OatFileAssistant test for existing oat file /data/dalvik-cache/arm64/data@user_de@0@com.google.android.gms@app_chimera@m@00000046@dl-MapsCoreDynamite.integ_260830201100400.apk@classes.dex: File /data/dalvik-cache/arm64/data@user_de@0@com.google.android.gms@app_chimera@m@00000046@dl-MapsCoreDynamite.integ_260830201100400.apk@classes.vdex does not exist.
07-16 11:31:43.087  3612  3612 I artd    : GetBestInfo checking odex next to the dex file (/data/user_de/0/com.google.android.gms/app_chimera/m/00000046/oat/arm64/dl-MapsCoreDynamite.integ_260830201100400.odex)
07-16 11:31:43.087  3612  3612 I artd    : Loading /data/user_de/0/com.google.android.gms/app_chimera/m/00000046/oat/arm64/dl-MapsCoreDynamite.integ_260830201100400.odex with executable: 0
07-16 11:31:43.087  3612  3612 I artd    : OatFileAssistant test for existing oat file /data/user_de/0/com.google.android.gms/app_chimera/m/00000046/oat/arm64/dl-MapsCoreDynamite.integ_260830201100400.odex: File /data/user_de/0/com.google.android.gms/app_chimera/m/00000046/oat/arm64/dl-MapsCoreDynamite.integ_260830201100400.vdex does not exist.
07-16 11:31:43.087  3612  3612 I artd    : GetBestInfo checking vdex in dalvik-cache (/data/dalvik-cache/arm64/data@user_de@0@com.google.android.gms@app_chimera@m@00000046@dl-MapsCoreDynamite.integ_260830201100400.apk@classes.vdex)
07-16 11:31:43.087  3612  3612 I artd    : unable to open vdex file /data/dalvik-cache/arm64/data@user_de@0@com.google.android.gms@app_chimera@m@00000046@dl-MapsCoreDynamite.integ_260830201100400.apk@classes.vdex: File /data/dalvik-cache/arm64/data@user_de@0@com.google.android.gms@app_chimera@m@00000046@dl-MapsCoreDynamite.integ_260830201100400.apk@classes.vdex does not exist.
07-16 11:31:43.087  3612  3612 I artd    : OatFileAssistant test for existing oat file /data/dalvik-cache/arm64/data@user_de@0@com.google.android.gms@app_chimera@m@00000046@dl-MapsCoreDynamite.integ_260830201100400.apk@classes.vdex: File /data/dalvik-cache/arm64/data@user_de@0@com.google.android.gms@app_chimera@m@00000046@dl-MapsCoreDynamite.integ_260830201100400.apk@classes.vdex does not exist.
07-16 11:31:43.087  3612  3612 I artd    : GetBestInfo checking vdex next to the dex file (/data/user_de/0/com.google.android.gms/app_chimera/m/00000046/oat/arm64/dl-MapsCoreDynamite.integ_260830201100400.vdex)
07-16 11:31:43.087  3612  3612 I artd    : unable to open vdex file /data/user_de/0/com.google.android.gms/app_chimera/m/00000046/oat/arm64/dl-MapsCoreDynamite.integ_260830201100400.vdex: File /data/user_de/0/com.google.android.gms/app_chimera/m/00000046/oat/arm64/dl-MapsCoreDynamite.integ_260830201100400.vdex does not exist.
07-16 11:31:43.087  3612  3612 I artd    : OatFileAssistant test for existing oat file /data/user_de/0/com.google.android.gms/app_chimera/m/00000046/oat/arm64/dl-MapsCoreDynamite.integ_260830201100400.vdex: File /data/user_de/0/com.google.android.gms/app_chimera/m/00000046/oat/arm64/dl-MapsCoreDynamite.integ_260830201100400.vdex does not exist.
07-16 11:31:43.087  3612  3612 I artd    : GetBestInfo checking dm (/data/user_de/0/com.google.android.gms/app_chimera/m/00000046/dl-MapsCoreDynamite.integ_260830201100400.dm)
07-16 11:31:43.087  3612  3612 W ziparchive: Unable to open '/data/user_de/0/com.google.android.gms/app_chimera/m/00000046/dl-MapsCoreDynamite.integ_260830201100400.dm': No such file or directory
07-16 11:31:43.087  3612  3612 I artd    : OatFileAssistant test for existing oat file /data/user_de/0/com.google.android.gms/app_chimera/m/00000046/dl-MapsCoreDynamite.integ_260830201100400.dm: I/O error
07-16 11:31:43.087  3612  3612 I artd    : GetBestInfo checking dm (/data/user_de/0/com.google.android.gms/app_chimera/m/00000046/dl-MapsCoreDynamite.integ_260830201100400.dm)
07-16 11:31:43.087  3612  3612 W ziparchive: Unable to open '/data/user_de/0/com.google.android.gms/app_chimera/m/00000046/dl-MapsCoreDynamite.integ_260830201100400.dm': No such file or directory
07-16 11:31:43.087  3612  3612 I artd    : OatFileAssistant test for existing oat file /data/user_de/0/com.google.android.gms/app_chimera/m/00000046/dl-MapsCoreDynamite.integ_260830201100400.dm: I/O error
07-16 11:31:43.087  3612  3612 I artd    : GetBestInfo no usable artifacts
07-16 11:31:43.090  3612  3612 W artd    : Could not get dex checksums for location /data/app/~~iKPezT0gkN_ndHWrv94UqA==/com.google.android.gms-CQRAPCWwRywNq5zfPGAcjA==/base.apk, fd=-1
07-16 11:31:43.109 15939 15939 D MvpHttpClientConfigKt$configureMvpHttpClient$log: HTTP: REQUEST: http://10.0.2.2:3000/api/users/user_participant
07-16 11:31:43.109 15939 15939 D MvpHttpClientConfigKt$configureMvpHttpClient$log: METHOD: GET
07-16 11:31:43.117 15939 16052 I HWUI    : Davey! duration=4060ms; Flags=0, FrameTimelineVsyncId=192852, IntendedVsync=8257604252146, Vsync=8260437585366, InputEventId=0, HandleInputStart=8260449699605, AnimationStart=8260449702647, PerformTraversalsStart=8260579109730, DrawStart=8260579476730, FrameDeadline=8260504252030, FrameInterval=8260445527063, FrameStartTime=16666666, SyncQueued=8261590169481, SyncStart=8261592789731, IssueDrawCommandsStart=8261595900189, SwapBuffers=8261637657731, FrameCompleted=8261667261814, DequeueBufferDuration=6583, QueueBufferDuration=750708, GpuCompleted=8261667261814, SwapBuffersCompleted=8261642992522, DisplayPresentTime=0, CommandSubmissionCompleted=8261637657731, 
07-16 11:31:43.117   856 16712 D android.hardware.gnss-service.ranchu: GnssHwListener:consume:87 sz=64
07-16 11:31:43.117   856 16712 D android.hardware.gnss-service.ranchu: Gnss:onGnssLocationCb:311
07-16 11:31:43.117   856 16712 D android.hardware.gnss-service.ranchu: Gnss:onGnssLocationCb:333
07-16 11:31:43.127 15939 15939 D MvpHttpClientConfigKt$configureMvpHttpClient$log: HTTP: REQUEST: http://10.0.2.2:3000/api/invites?userId=user_participant&status=PENDING&limit=100
07-16 11:31:43.127 15939 15939 D MvpHttpClientConfigKt$configureMvpHttpClient$log: METHOD: GET
07-16 11:31:43.180 15939 15939 D MvpHttpClientConfigKt$configureMvpHttpClient$log: HTTP: REQUEST: http://10.0.2.2:3000/api/profile/schedule?from=2026-04-17T18:31:43.153Z&to=2027-07-17T18:31:43.153Z&limit=200
07-16 11:31:43.180 15939 15939 D MvpHttpClientConfigKt$configureMvpHttpClient$log: METHOD: GET
07-16 11:31:43.415  3612  3612 W artd    : Could not get dex checksums for location /data/app/~~iKPezT0gkN_ndHWrv94UqA==/com.google.android.gms-CQRAPCWwRywNq5zfPGAcjA==/base.apk, fd=-1
07-16 11:31:43.441 15939 15939 I Choreographer: Skipped 91 frames!  The application may be doing too much work on its main thread.
07-16 11:31:44.032   856 16712 D android.hardware.gnss-service.ranchu: GnssHwListener:consume:87 sz=64
07-16 11:31:44.065 15939 16675 D TrafficStats: tagSocket(158) with statsTag=0xffffffff, statsUid=-1
07-16 11:31:44.094   826  1030 D EGL_emulation: app_time_stats: avg=3072.80ms min=3072.80ms max=3072.80ms count=1
07-16 11:31:44.157  3612  3612 W artd    : Could not get dex checksums for location /data/app/~~RG3w4WTLUBIJg54qMYn7Bw==/com.google.android.gms-3by8sRa8dQX4a9ijwfUbOQ==/base.apk, fd=-1
07-16 11:31:44.173  3612  3612 W artd    : Could not get dex checksums for location /data/app/~~twuI3lExhuGkLKitCx2u3A==/com.google.android.gms-n4koZfa_R7sePD4-iRCh7g==/base.apk, fd=-1
07-16 11:31:44.186  3612  3612 I artd    : Dex parent of /data/user_de/0/com.google.android.gms/app_chimera/m/00000008/dl-Antifingerprinting.optional_242335100000.apk is not writable: No such file or directory
07-16 11:31:44.189  3612  3612 I artd    : GetBestInfo checking odex in dalvik-cache (/data/dalvik-cache/arm64/data@user_de@0@com.google.android.gms@app_chimera@m@00000008@dl-Antifingerprinting.optional_242335100000.apk@classes.dex)
07-16 11:31:44.189  3612  3612 I artd    : Loading /data/dalvik-cache/arm64/data@user_de@0@com.google.android.gms@app_chimera@m@00000008@dl-Antifingerprinting.optional_242335100000.apk@classes.dex with executable: 0
07-16 11:31:44.189  3612  3612 I artd    : OatFileAssistant test for existing oat file /data/dalvik-cache/arm64/data@user_de@0@com.google.android.gms@app_chimera@m@00000008@dl-Antifingerprinting.optional_242335100000.apk@classes.dex: File /data/dalvik-cache/arm64/data@user_de@0@com.google.android.gms@app_chimera@m@00000008@dl-Antifingerprinting.optional_242335100000.apk@classes.vdex does not exist.
07-16 11:31:44.190  3612  3612 I artd    : GetBestInfo checking odex next to the dex file (/data/user_de/0/com.google.android.gms/app_chimera/m/00000008/oat/arm64/dl-Antifingerprinting.optional_242335100000.odex)
07-16 11:31:44.190  3612  3612 I artd    : Loading /data/user_de/0/com.google.android.gms/app_chimera/m/00000008/oat/arm64/dl-Antifingerprinting.optional_242335100000.odex with executable: 0
07-16 11:31:44.190  3612  3612 I artd    : OatFileAssistant test for existing oat file /data/user_de/0/com.google.android.gms/app_chimera/m/00000008/oat/arm64/dl-Antifingerprinting.optional_242335100000.odex: File /data/user_de/0/com.google.android.gms/app_chimera/m/00000008/oat/arm64/dl-Antifingerprinting.optional_242335100000.vdex does not exist.
07-16 11:31:44.190  3612  3612 I artd    : GetBestInfo checking vdex in dalvik-cache (/data/dalvik-cache/arm64/data@user_de@0@com.google.android.gms@app_chimera@m@00000008@dl-Antifingerprinting.optional_242335100000.apk@classes.vdex)
07-16 11:31:44.190  3612  3612 I artd    : unable to open vdex file /data/dalvik-cache/arm64/data@user_de@0@com.google.android.gms@app_chimera@m@00000008@dl-Antifingerprinting.optional_242335100000.apk@classes.vdex: File /data/dalvik-cache/arm64/data@user_de@0@com.google.android.gms@app_chimera@m@00000008@dl-Antifingerprinting.optional_242335100000.apk@classes.vdex does not exist.
07-16 11:31:44.190  3612  3612 I artd    : OatFileAssistant test for existing oat file /data/dalvik-cache/arm64/data@user_de@0@com.google.android.gms@app_chimera@m@00000008@dl-Antifingerprinting.optional_242335100000.apk@classes.vdex: File /data/dalvik-cache/arm64/data@user_de@0@com.google.android.gms@app_chimera@m@00000008@dl-Antifingerprinting.optional_242335100000.apk@classes.vdex does not exist.
07-16 11:31:44.190  3612  3612 I artd    : GetBestInfo checking vdex next to the dex file (/data/user_de/0/com.google.android.gms/app_chimera/m/00000008/oat/arm64/dl-Antifingerprinting.optional_242335100000.vdex)
07-16 11:31:44.190  3612  3612 I artd    : unable to open vdex file /data/user_de/0/com.google.android.gms/app_chimera/m/00000008/oat/arm64/dl-Antifingerprinting.optional_242335100000.vdex: File /data/user_de/0/com.google.android.gms/app_chimera/m/00000008/oat/arm64/dl-Antifingerprinting.optional_242335100000.vdex does not exist.
07-16 11:31:44.190  3612  3612 I artd    : OatFileAssistant test for existing oat file /data/user_de/0/com.google.android.gms/app_chimera/m/00000008/oat/arm64/dl-Antifingerprinting.optional_242335100000.vdex: File /data/user_de/0/com.google.android.gms/app_chimera/m/00000008/oat/arm64/dl-Antifingerprinting.optional_242335100000.vdex does not exist.
07-16 11:31:44.190  3612  3612 I artd    : GetBestInfo checking dm (/data/user_de/0/com.google.android.gms/app_chimera/m/00000008/dl-Antifingerprinting.optional_242335100000.dm)
07-16 11:31:44.190  3612  3612 W ziparchive: Unable to open '/data/user_de/0/com.google.android.gms/app_chimera/m/00000008/dl-Antifingerprinting.optional_242335100000.dm': No such file or directory
07-16 11:31:44.190  3612  3612 I artd    : OatFileAssistant test for existing oat file /data/user_de/0/com.google.android.gms/app_chimera/m/00000008/dl-Antifingerprinting.optional_242335100000.dm: I/O error
07-16 11:31:44.190  3612  3612 I artd    : GetBestInfo checking dm (/data/user_de/0/com.google.android.gms/app_chimera/m/00000008/dl-Antifingerprinting.optional_242335100000.dm)
07-16 11:31:44.190  3612  3612 W ziparchive: Unable to open '/data/user_de/0/com.google.android.gms/app_chimera/m/00000008/dl-Antifingerprinting.optional_242335100000.dm': No such file or directory
07-16 11:31:44.190  3612  3612 I artd    : OatFileAssistant test for existing oat file /data/user_de/0/com.google.android.gms/app_chimera/m/00000008/dl-Antifingerprinting.optional_242335100000.dm: I/O error
07-16 11:31:44.190  3612  3612 I artd    : GetBestInfo no usable artifacts
07-16 11:31:44.193  1032 10523 I FusedOrientationManager: Unregistering orientation client. [CONTEXT service_id=6 ]
07-16 11:31:44.209  3612  3612 W artd    : Could not get dex checksums for location /data/app/~~iKPezT0gkN_ndHWrv94UqA==/com.google.android.gms-CQRAPCWwRywNq5zfPGAcjA==/base.apk, fd=-1
07-16 11:31:44.211   856 16712 D android.hardware.gnss-service.ranchu: GnssHwListener:consume:87 sz=64
07-16 11:31:44.211   856 16712 D android.hardware.gnss-service.ranchu: Gnss:onGnssLocationCb:311
07-16 11:31:44.211   856 16712 D android.hardware.gnss-service.ranchu: Gnss:onGnssLocationCb:333
07-16 11:31:44.273  3612  3612 I artd    : Dex parent of /data/user_de/0/com.google.android.gms/app_chimera/m/00000002/DynamiteLoader.uncompressed.apk is not writable: No such file or directory
07-16 11:31:44.274  3612  3612 I artd    : GetBestInfo checking odex in dalvik-cache (/data/dalvik-cache/arm64/data@user_de@0@com.google.android.gms@app_chimera@m@00000002@DynamiteLoader.uncompressed.apk@classes.dex)
07-16 11:31:44.274  3612  3612 I artd    : Loading /data/dalvik-cache/arm64/data@user_de@0@com.google.android.gms@app_chimera@m@00000002@DynamiteLoader.uncompressed.apk@classes.dex with executable: 0
07-16 11:31:44.274  3612  3612 I artd    : OatFileAssistant test for existing oat file /data/dalvik-cache/arm64/data@user_de@0@com.google.android.gms@app_chimera@m@00000002@DynamiteLoader.uncompressed.apk@classes.dex: File /data/dalvik-cache/arm64/data@user_de@0@com.google.android.gms@app_chimera@m@00000002@DynamiteLoader.uncompressed.apk@classes.vdex does not exist.
07-16 11:31:44.274  3612  3612 I artd    : GetBestInfo checking odex next to the dex file (/data/user_de/0/com.google.android.gms/app_chimera/m/00000002/oat/arm64/DynamiteLoader.uncompressed.odex)
07-16 11:31:44.274  3612  3612 I artd    : Loading /data/user_de/0/com.google.android.gms/app_chimera/m/00000002/oat/arm64/DynamiteLoader.uncompressed.odex with executable: 0
07-16 11:31:44.274  3612  3612 I artd    : OatFileAssistant test for existing oat file /data/user_de/0/com.google.android.gms/app_chimera/m/00000002/oat/arm64/DynamiteLoader.uncompressed.odex: File /data/user_de/0/com.google.android.gms/app_chimera/m/00000002/oat/arm64/DynamiteLoader.uncompressed.vdex does not exist.
07-16 11:31:44.274  3612  3612 I artd    : GetBestInfo checking vdex in dalvik-cache (/data/dalvik-cache/arm64/data@user_de@0@com.google.android.gms@app_chimera@m@00000002@DynamiteLoader.uncompressed.apk@classes.vdex)
07-16 11:31:44.274  3612  3612 I artd    : unable to open vdex file /data/dalvik-cache/arm64/data@user_de@0@com.google.android.gms@app_chimera@m@00000002@DynamiteLoader.uncompressed.apk@classes.vdex: File /data/dalvik-cache/arm64/data@user_de@0@com.google.android.gms@app_chimera@m@00000002@DynamiteLoader.uncompressed.apk@classes.vdex does not exist.
07-16 11:31:44.274  3612  3612 I artd    : OatFileAssistant test for existing oat file /data/dalvik-cache/arm64/data@user_de@0@com.google.android.gms@app_chimera@m@00000002@DynamiteLoader.uncompressed.apk@classes.vdex: File /data/dalvik-cache/arm64/data@user_de@0@com.google.android.gms@app_chimera@m@00000002@DynamiteLoader.uncompressed.apk@classes.vdex does not exist.
07-16 11:31:44.274  3612  3612 I artd    : GetBestInfo checking vdex next to the dex file (/data/user_de/0/com.google.android.gms/app_chimera/m/00000002/oat/arm64/DynamiteLoader.uncompressed.vdex)
07-16 11:31:44.274  3612  3612 I artd    : unable to open vdex file /data/user_de/0/com.google.android.gms/app_chimera/m/00000002/oat/arm64/DynamiteLoader.uncompressed.vdex: File /data/user_de/0/com.google.android.gms/app_chimera/m/00000002/oat/arm64/DynamiteLoader.uncompressed.vdex does not exist.
07-16 11:31:44.274  3612  3612 I artd    : OatFileAssistant test for existing oat file /data/user_de/0/com.google.android.gms/app_chimera/m/00000002/oat/arm64/DynamiteLoader.uncompressed.vdex: File /data/user_de/0/com.google.android.gms/app_chimera/m/00000002/oat/arm64/DynamiteLoader.uncompressed.vdex does not exist.
07-16 11:31:44.274  3612  3612 I artd    : GetBestInfo checking dm (/data/user_de/0/com.google.android.gms/app_chimera/m/00000002/DynamiteLoader.uncompressed.dm)
07-16 11:31:44.274  3612  3612 W ziparchive: Unable to open '/data/user_de/0/com.google.android.gms/app_chimera/m/00000002/DynamiteLoader.uncompressed.dm': No such file or directory
07-16 11:31:44.274  3612  3612 I artd    : OatFileAssistant test for existing oat file /data/user_de/0/com.google.android.gms/app_chimera/m/00000002/DynamiteLoader.uncompressed.dm: I/O error
07-16 11:31:44.274  3612  3612 I artd    : GetBestInfo checking dm (/data/user_de/0/com.google.android.gms/app_chimera/m/00000002/DynamiteLoader.uncompressed.dm)
07-16 11:31:44.274  3612  3612 W ziparchive: Unable to open '/data/user_de/0/com.google.android.gms/app_chimera/m/00000002/DynamiteLoader.uncompressed.dm': No such file or directory
07-16 11:31:44.274  3612  3612 I artd    : OatFileAssistant test for existing oat file /data/user_de/0/com.google.android.gms/app_chimera/m/00000002/DynamiteLoader.uncompressed.dm: I/O error
07-16 11:31:44.274  3612  3612 I artd    : GetBestInfo no usable artifacts
07-16 11:31:44.447  3612  3612 I artd    : Dex parent of /data/user_de/0/com.google.android.gms/app_chimera/m/0000008c/dl-IdentityCredentialsPlatform.optional_262532100400.apk is not writable: Permission denied
07-16 11:31:44.447  3612  3612 I artd    : GetBestInfo checking odex in dalvik-cache (/data/dalvik-cache/arm64/data@user_de@0@com.google.android.gms@app_chimera@m@0000008c@dl-IdentityCredentialsPlatform.optional_262532100400.apk@classes.dex)
07-16 11:31:44.447  3612  3612 I artd    : Loading /data/dalvik-cache/arm64/data@user_de@0@com.google.android.gms@app_chimera@m@0000008c@dl-IdentityCredentialsPlatform.optional_262532100400.apk@classes.dex with executable: 0
07-16 11:31:44.447  3612  3612 I artd    : OatFileAssistant test for existing oat file /data/dalvik-cache/arm64/data@user_de@0@com.google.android.gms@app_chimera@m@0000008c@dl-IdentityCredentialsPlatform.optional_262532100400.apk@classes.dex: File /data/dalvik-cache/arm64/data@user_de@0@com.google.android.gms@app_chimera@m@0000008c@dl-IdentityCredentialsPlatform.optional_262532100400.apk@classes.vdex does not exist.
07-16 11:31:44.447  3612  3612 I artd    : GetBestInfo checking odex next to the dex file (/data/user_de/0/com.google.android.gms/app_chimera/m/0000008c/oat/arm64/dl-IdentityCredentialsPlatform.optional_262532100400.odex)
07-16 11:31:44.447  3612  3612 I artd    : Loading /data/user_de/0/com.google.android.gms/app_chimera/m/0000008c/oat/arm64/dl-IdentityCredentialsPlatform.optional_262532100400.odex with executable: 0
07-16 11:31:44.447  3612  3612 I artd    : OatFileAssistant test for existing oat file /data/user_de/0/com.google.android.gms/app_chimera/m/0000008c/oat/arm64/dl-IdentityCredentialsPlatform.optional_262532100400.odex: File /data/user_de/0/com.google.android.gms/app_chimera/m/0000008c/oat/arm64/dl-IdentityCredentialsPlatform.optional_262532100400.vdex does not exist.
07-16 11:31:44.447  3612  3612 I artd    : GetBestInfo checking vdex in dalvik-cache (/data/dalvik-cache/arm64/data@user_de@0@com.google.android.gms@app_chimera@m@0000008c@dl-IdentityCredentialsPlatform.optional_262532100400.apk@classes.vdex)
07-16 11:31:44.447  3612  3612 I artd    : unable to open vdex file /data/dalvik-cache/arm64/data@user_de@0@com.google.android.gms@app_chimera@m@0000008c@dl-IdentityCredentialsPlatform.optional_262532100400.apk@classes.vdex: File /data/dalvik-cache/arm64/data@user_de@0@com.google.android.gms@app_chimera@m@0000008c@dl-IdentityCredentialsPlatform.optional_262532100400.apk@classes.vdex does not exist.
07-16 11:31:44.447  3612  3612 I artd    : OatFileAssistant test for existing oat file /data/dalvik-cache/arm64/data@user_de@0@com.google.android.gms@app_chimera@m@0000008c@dl-IdentityCredentialsPlatform.optional_262532100400.apk@classes.vdex: File /data/dalvik-cache/arm64/data@user_de@0@com.google.android.gms@app_chimera@m@0000008c@dl-IdentityCredentialsPlatform.optional_262532100400.apk@classes.vdex does not exist.
07-16 11:31:44.447  3612  3612 I artd    : GetBestInfo checking vdex next to the dex file (/data/user_de/0/com.google.android.gms/app_chimera/m/0000008c/oat/arm64/dl-IdentityCredentialsPlatform.optional_262532100400.vdex)
07-16 11:31:44.447  3612  3612 I artd    : unable to open vdex file /data/user_de/0/com.google.android.gms/app_chimera/m/0000008c/oat/arm64/dl-IdentityCredentialsPlatform.optional_262532100400.vdex: File /data/user_de/0/com.google.android.gms/app_chimera/m/0000008c/oat/arm64/dl-IdentityCredentialsPlatform.optional_262532100400.vdex does not exist.
07-16 11:31:44.447  3612  3612 I artd    : OatFileAssistant test for existing oat file /data/user_de/0/com.google.android.gms/app_chimera/m/0000008c/oat/arm64/dl-IdentityCredentialsPlatform.optional_262532100400.vdex: File /data/user_de/0/com.google.android.gms/app_chimera/m/0000008c/oat/arm64/dl-IdentityCredentialsPlatform.optional_262532100400.vdex does not exist.
07-16 11:31:44.447  3612  3612 I artd    : GetBestInfo checking dm (/data/user_de/0/com.google.android.gms/app_chimera/m/0000008c/dl-IdentityCredentialsPlatform.optional_262532100400.dm)
07-16 11:31:44.447  3612  3612 W ziparchive: Unable to open '/data/user_de/0/com.google.android.gms/app_chimera/m/0000008c/dl-IdentityCredentialsPlatform.optional_262532100400.dm': No such file or directory
07-16 11:31:44.447  3612  3612 I artd    : OatFileAssistant test for existing oat file /data/user_de/0/com.google.android.gms/app_chimera/m/0000008c/dl-IdentityCredentialsPlatform.optional_262532100400.dm: I/O error
07-16 11:31:44.447  3612  3612 I artd    : GetBestInfo checking dm (/data/user_de/0/com.google.android.gms/app_chimera/m/0000008c/dl-IdentityCredentialsPlatform.optional_262532100400.dm)
07-16 11:31:44.447  3612  3612 W ziparchive: Unable to open '/data/user_de/0/com.google.android.gms/app_chimera/m/0000008c/dl-IdentityCredentialsPlatform.optional_262532100400.dm': No such file or directory
07-16 11:31:44.447  3612  3612 I artd    : OatFileAssistant test for existing oat file /data/user_de/0/com.google.android.gms/app_chimera/m/0000008c/dl-IdentityCredentialsPlatform.optional_262532100400.dm: I/O error
07-16 11:31:44.447  3612  3612 I artd    : GetBestInfo no usable artifacts
07-16 11:31:44.578  3612  3612 W artd    : Could not get dex checksums for location /data/app/~~twuI3lExhuGkLKitCx2u3A==/com.google.android.gms-n4koZfa_R7sePD4-iRCh7g==/base.apk, fd=-1
07-16 11:31:44.584  3612  3612 W artd    : Could not get dex checksums for location /data/app/~~RG3w4WTLUBIJg54qMYn7Bw==/com.google.android.gms-3by8sRa8dQX4a9ijwfUbOQ==/base.apk, fd=-1
07-16 11:31:44.825 15939 16675 D TrafficStats: tagSocket(149) with statsTag=0xffffffff, statsUid=-1
07-16 11:31:44.795   856 16712 D android.hardware.gnss-service.ranchu: GnssHwConn:workerThread:119
07-16 11:31:45.051   558   609 W AlarmManager: Unrecognized alarm listener com.android.server.location.gnss.GnssLocationProvider$$ExternalSyntheticLambda14@cd29ea3
07-16 11:31:45.051   558   609 W AlarmManager: Unrecognized alarm listener com.android.server.location.gnss.GnssLocationProvider$$ExternalSyntheticLambda13@71565a0
07-16 11:31:45.051   558   609 W Looper  : Slow dispatch took 872ms android.fg h=android.os.Handler c=com.android.server.location.provider.AbstractLocationProvider$Controller$$ExternalSyntheticLambda1@d42398 m=0
07-16 11:31:45.051   558   609 W Looper  : Slow delivery took 879ms android.fg h=android.os.Handler c=com.android.server.location.provider.LocationProviderManager$$ExternalSyntheticLambda14@cbba7f1 m=0
07-16 11:31:45.054   558  1062 W ActivityManager: SLOW OOM ADJ: 666ms for pid 1032 = 0
